     1                                  ; rect.asm
     2                                  section .data										
     3                                  section .bss							
     4                                  section .text
     5                                  
     6                                  global rsurface
     7                                  
     8                                  rsurface:
     9                                  	section .text
    10 00000000 4889F8                  		mov	rax, rdi	
    11 00000003 48F7EE                  		imul	rsi
    12 00000006 C3                      		ret									
    13                                  global rcircum
    14                                  
    15                                  rcircum:	
    16                                  	section .text	
    17 00000007 4889F8                  		mov	rax, rdi
    18 0000000A 4801F0                  		add	rax, rsi
    19 0000000D 486BC002                		imul	rax, 2
    20 00000011 C3                      		ret
