     1                                  ; name:         libhello.asm
     2                                  ; build:
     3                                  ;               nasm -f elf64 -o libhello.o libhello.asm -l libhello.list
     4                                  ;               ar rcs libhello.a libhello.o
     5                                  ;
     6                                  ; Description:  static library (archivefile) demonstration
     7                                  
   762                                  [list -]
   763          ******************       warning: using 64 bits syscalls
   764                                  
   765                                  bits 64
   766                                  align 16
   767                                  
   768                                  global  WriteString
   769                                  global  Exit
   770                                  
   771                                  section .text
   772                                  
   773                                  WriteString:
   774                                      ; string and length is already in RSI, RDX
   775 00000000 BF01000000B8010000-         syscall write, stdout, rsi, rdx
   776 00000009 000F05             
   777 0000000C C3                          ret
   778                                          
   779                                  Exit:
   780 0000000D 4831FFB83C0000000F-         syscall exit, 0
   781 00000016 05                 
