     1                                  org 0
     2                                  BITS 16
     3                                  
     4 00000000 EB20                         jmp       start
     5 00000002 50454D32206C6F6164-     pemloading:  db   'PEM2 loading, please wait....', 10, 13, 0
     5 0000000B 696E672C20706C6561-
     5 00000014 736520776169742E2E-
     5 0000001D 2E2E0A0D00         
     6                                  start:
     7                                  
     8 00000022 BE[0200]                     mov       si, pemloading
     9                                       ; test if stack behaves
    10 00000025 56                           push      si
    11 00000026 31F6                         xor       si, si
    12 00000028 5E                           pop       si
    13 00000029 E80100                       call      Print
    14 0000002C CB                           retf
    15                                  
    16                                  Print:
    17 0000002D 60                           pusha
    18 0000002E B40E                         mov       ah, 0Eh              ; int 10h teletype function
    19                                  .repeat:
    20 00000030 AC                           lodsb                    ; Get char from string
    21 00000031 3C00                         cmp       al, 0
    22 00000033 7404                         je        .done          ; If char is zero, end of string
    23 00000035 CD10                         int       10h            ; Otherwise, print it
    24 00000037 EBF7                         jmp       .repeat        ; And move on to next char
    25                                  .done:
    26 00000039 61                           popa
    27 0000003A C3                           ret
